// Jest Snapshot v1, https://goo.gl/fbAQLP

exports[`<Button /> should render same with snapshot 1`] = `
.c0 {
  margin-top: 28px;
  font-style: normal;
  font-weight: normal;
  font-size: 12px;
  line-height: 16px;
  color: #999999;
}

<div>
  <footer
    class="c0"
  >
    저작권 관련 내용
  </footer>
</div>
`;
